// Jest Snapshot v1, https://goo.gl/fbAQLP

exports[`<AddCategory/> test should render correctly 1`] = `
<form
  onSubmit={[Function]}
>
  <h1 />
  <p />
  <input
    onChange={[Function]}
    type="text"
    value=""
  />
</form>
`;
